// Jest Snapshot v1, https://goo.gl/fbAQLP

exports[`rendersRobotBox 1`] = `
<DocumentFragment>
  <div
    class="direction-arrow robot MuiBox-root css-v399b5"
    data-testid="robot-box"
  >
    <img
      alt=""
      class="north"
      src="robot-vacuum-cleaner.png"
    />
  </div>
</DocumentFragment>
`;
