// Jest Snapshot v1, https://goo.gl/fbAQLP

exports[`renders APP 1`] = `
<DocumentFragment>
  <div
    class="board-container MuiBox-root css-0"
  >
    <div
      class="board-box MuiBox-root css-87jy3b"
    >
      <div
        class="grid-boxes MuiBox-root css-1qpslqa"
      />
      <div
        class="grid-boxes MuiBox-root css-1qpslqa"
      />
      <div
        class="grid-boxes MuiBox-root css-1qpslqa"
      />
      <div
        class="grid-boxes MuiBox-root css-1qpslqa"
      />
      <div
        class="grid-boxes MuiBox-root css-1qpslqa"
      />
      <div
        class="grid-boxes MuiBox-root css-1qpslqa"
      />
      <div
        class="grid-boxes MuiBox-root css-1qpslqa"
      />
      <div
        class="grid-boxes MuiBox-root css-1qpslqa"
      />
      <div
        class="grid-boxes MuiBox-root css-1qpslqa"
      />
      <div
        class="grid-boxes MuiBox-root css-1qpslqa"
      />
      <div
        class="grid-boxes MuiBox-root css-1qpslqa"
      />
      <div
        class="grid-boxes MuiBox-root css-1qpslqa"
      />
      <div
        class="grid-boxes MuiBox-root css-1qpslqa"
      />
      <div
        class="grid-boxes MuiBox-root css-1qpslqa"
      />
      <div
        class="grid-boxes MuiBox-root css-1qpslqa"
      />
      <div
        class="grid-boxes MuiBox-root css-1qpslqa"
      />
      <div
        class="grid-boxes MuiBox-root css-1qpslqa"
      />
      <div
        class="grid-boxes MuiBox-root css-1qpslqa"
      />
      <div
        class="grid-boxes MuiBox-root css-1qpslqa"
      />
      <div
        class="grid-boxes MuiBox-root css-1qpslqa"
      />
      <div
        class="grid-boxes MuiBox-root css-1qpslqa"
      />
      <div
        class="grid-boxes MuiBox-root css-1qpslqa"
      />
      <div
        class="grid-boxes MuiBox-root css-1qpslqa"
      />
      <div
        class="grid-boxes MuiBox-root css-1qpslqa"
      />
      <div
        class="grid-boxes MuiBox-root css-1qpslqa"
      />
      <div
        class="direction-arrow robot MuiBox-root css-vh7mn0"
        data-testid="robot-box"
      >
        <img
          alt=""
          class="north"
          src="robot-vacuum-cleaner.png"
        />
      </div>
    </div>
  </div>
</DocumentFragment>
`;
